<html>
<body>
<pre>
<h1>µVision Build Log</h1>
<h2>Tool Versions:</h2>
IDE-Version: ¦ÌVision V5.17.0.0
Copyright (C) 2015 ARM Ltd and ARM Germany GmbH. All rights reserved.
License Information: cl cl, cl, LIC=Y2BVE-5T0AD-EZSWX-H8FFT-Z9PMV-ANG1L
 
Tool Versions:
Toolchain:       MDK-ARM Professional  Version: 5.17
Toolchain Path:  D:\Keil_v5\ARM\ARMCC\Bin
C Compiler:      Armcc.exe V5.06 update 1 (build 61)
Assembler:       Armasm.exe V5.06 update 1 (build 61)
Linker/Locator:  ArmLink.exe V5.06 update 1 (build 61)
Library Manager: ArmAr.exe V5.06 update 1 (build 61)
Hex Converter:   FromElf.exe V5.06 update 1 (build 61)
CPU DLL:         SARMCM3.DLL V5.17
Dialog DLL:      DCM.DLL V1.13.4.0
Target DLL:      STLink\ST-LINKIII-KEIL_SWO.dll V2.0.18.0
Dialog DLL:      TCM.DLL V1.14.6.0
 
<h2>Project:</h2>
D:\crazypony\rtos\rtos.uvprojx
Project File Date:  05/15/2016

<h2>Output:</h2>
*** Using Compiler 'V5.06 update 1 (build 61)', folder: 'D:\Keil_v5\ARM\ARMCC\Bin'
Build Project 'rtos' - Target 'craze'
compiling list.c...
compiling heap_2.c...
compiling queue.c...
compiling tasks.c...
compiling port.c...
compiling motor.c...
compiling led.c...
compiling board.c...
compiling main.c...
D:\crazypony\rtos\User\main.c(36): warning:  #550-D: variable "sys_clock" was set but never used
      uint8_t sys_clock = 0;
User\main.c: 1 warning, 0 errors
compiling user_task.c...
linking...
Program Size: Code=7936 RO-data=268 RW-data=92 ZI-data=19244  
FromELF: creating hex file...
".\Objects\rtos.axf" - 0 Error(s), 1 Warning(s).

<h2>Collection of Component include folders:</h2>
  D:\crazypony\rtos\RTE
  D:\Keil_v5\ARM\PACK\Keil\STM32F1xx_DFP\2.1.0\Device\Include

<h2>Collection of Component Files used:</h2>
Build Time Elapsed:  00:00:01
</pre>
</body>
</html>
